=== Disk Usage ===
Filesystem      Size  Used Avail Use% Mounted on
none            1.9G     0  1.9G   0% /usr/lib/modules/6.6.87.2-microsoft-standard-WSL2
none            1.9G  4.0K  1.9G   1% /mnt/wsl
drivers         931G  200G  731G  22% /usr/lib/wsl/drivers
/dev/sdd        251G   12G  227G   5% /
none            1.9G   76K  1.9G   1% /mnt/wslg
none            1.9G     0  1.9G   0% /usr/lib/wsl/lib
rootfs          1.9G  2.7M  1.9G   1% /init
none            1.9G  872K  1.9G   1% /run
none            1.9G     0  1.9G   0% /run/lock
none            1.9G     0  1.9G   0% /run/shm
none            1.9G   76K  1.9G   1% /mnt/wslg/versions.txt
none            1.9G   76K  1.9G   1% /mnt/wslg/doc
C:\             931G  200G  731G  22% /mnt/c
snapfuse         64M   64M     0 100% /snap/core20/2669
snapfuse        106M  106M     0 100% /snap/core/17284
snapfuse        105M  105M     0 100% /snap/core/17272
snapfuse         67M   67M     0 100% /snap/core24/1499
snapfuse         67M   67M     0 100% /snap/core24/1349
snapfuse         64M   64M     0 100% /snap/core20/2686
snapfuse         21M   21M     0 100% /snap/helm/500
snapfuse         21M   21M     0 100% /snap/helm/504
snapfuse         14M   14M     0 100% /snap/kubectl/3748
snapfuse         14M   14M     0 100% /snap/kubectl/3766
snapfuse         53M   53M     0 100% /snap/minikube/4
snapfuse         51M   51M     0 100% /snap/snapd/25577
snapfuse         49M   49M     0 100% /snap/snapd/25935

=== Memory Usage ===
               total        used        free      shared  buff/cache   available
Mem:            3816         513        3168           3         271        3302
Swap:           1024           0        1024

=== CPU Load ===
 18:18:35 up 39 min,  0 user,  load average: 0.00, 0.01, 0.15

=== Disk Warning Check ===
WARNING: snapfuse is 100% full
WARNING: snapfuse is 100% full
WARNING: snapfuse is 100% full
WARNING: snapfuse is 100% full
WARNING: snapfuse is 100% full
WARNING: snapfuse is 100% full
WARNING: snapfuse is 100% full
WARNING: snapfuse is 100% full
WARNING: snapfuse is 100% full
WARNING: snapfuse is 100% full
WARNING: snapfuse is 100% full
WARNING: snapfuse is 100% full
WARNING: snapfuse is 100% full

=== Running Processes ===
Total: 41

=== Top 5 Memory Processes ===
USER         PID %CPU %MEM    VSZ   RSS TTY      STAT START   TIME COMMAND
root         725  0.1  2.2 2285272 89080 ?       Ssl  17:41   0:02 /usr/bin/dockerd -H fd:// --containerd=/run/containerd/containerd.sock
root         548  0.1  1.2 2163332 48200 ?       Ssl  17:40   0:02 /usr/bin/containerd
root         497  0.5  1.0 2292896 39304 ?       Ssl  17:40   0:11 /usr/lib/snapd/snapd
root         527  0.0  0.5 107012 22144 ?        Ssl  17:40   0:00 /usr/bin/python3 /usr/share/unattended-upgrades/unattended-upgrade-shutdown --wait-for-signal
root         276  0.0  0.4  66860 16964 ?        S<s  17:40   0:00 /usr/lib/systemd/systemd-journald
