System Report - 2026-03-30
----------------------
Disk Usage:
Filesystem      Size  Used Avail Use% Mounted on
none            1.4G     0  1.4G   0% /usr/lib/modules/6.6.87.2-microsoft-standard-WSL2
none            1.4G  4.0K  1.4G   1% /mnt/wsl
drivers         466G   95G  372G  21% /usr/lib/wsl/drivers
/dev/sdd       1007G  1.9G  954G   1% /
none            1.4G   76K  1.4G   1% /mnt/wslg
none            1.4G     0  1.4G   0% /usr/lib/wsl/lib
rootfs          1.4G  2.7M  1.4G   1% /init
none            1.4G  480K  1.4G   1% /run
none            1.4G     0  1.4G   0% /run/lock
none            1.4G     0  1.4G   0% /run/shm
none            1.4G   76K  1.4G   1% /mnt/wslg/versions.txt
none            1.4G   76K  1.4G   1% /mnt/wslg/doc
C:\             466G   95G  372G  21% /mnt/c
tmpfs           281M   20K  281M   1% /run/user/1000

Memory Usage:
               total        used        free      shared  buff/cache   available
Mem:            2803         362        2220           3         308        2440
Swap:           1024           0        1024

CPU Load:
 10:41:42 up  3:22,  1 user,  load average: 0.12, 0.07, 0.06

Total Running Processes:
28

Top 5 Memory Consuming Processes:
USER         PID %CPU %MEM    VSZ   RSS TTY      STAT START   TIME COMMAND
root         395  0.0  0.7 106992 22272 ?        Ssl  07:20   0:00 /usr/bin/python3 /usr/share/unattended-upgrades/unattended-upgrade-shutdown --wait-for-signal
root         376  0.0  0.5 1755840 15488 ?       Ssl  07:20   0:01 /usr/libexec/wsl-pro-service -vv
root        1615  0.3  0.5  50308 15284 ?        S<s  07:42   0:33 /usr/lib/systemd/systemd-journald
root           1  0.1  0.4  21976 13056 ?        Ss   07:19   0:15 /usr/lib/systemd/systemd --system --deserialize=59
systemd+    1766  0.0  0.4  21460 12800 ?        Ss   07:42   0:00 /usr/lib/systemd/systemd-resolved
System Report - 2026-03-30
----------------------
Disk Usage:
Filesystem      Size  Used Avail Use% Mounted on
none            1.4G     0  1.4G   0% /usr/lib/modules/6.6.87.2-microsoft-standard-WSL2
none            1.4G  4.0K  1.4G   1% /mnt/wsl
drivers         466G   95G  372G  21% /usr/lib/wsl/drivers
/dev/sdd       1007G  1.9G  954G   1% /
none            1.4G   80K  1.4G   1% /mnt/wslg
none            1.4G     0  1.4G   0% /usr/lib/wsl/lib
rootfs          1.4G  2.7M  1.4G   1% /init
none            1.4G  480K  1.4G   1% /run
none            1.4G     0  1.4G   0% /run/lock
none            1.4G     0  1.4G   0% /run/shm
none            1.4G   76K  1.4G   1% /mnt/wslg/versions.txt
none            1.4G   76K  1.4G   1% /mnt/wslg/doc
C:\             466G   95G  372G  21% /mnt/c
tmpfs           281M   20K  281M   1% /run/user/1000

Memory Usage:
               total        used        free      shared  buff/cache   available
Mem:            2803         373        2006           3         514        2429
Swap:           1024           0        1024

CPU Load:
 11:41:17 up  4:21,  1 user,  load average: 0.28, 0.37, 0.57

Total Running Processes:
29

Top 5 Memory Consuming Processes:
USER         PID %CPU %MEM    VSZ   RSS TTY      STAT START   TIME COMMAND
root         395  0.0  0.7 106992 22272 ?        Ssl  07:20   0:00 /usr/bin/python3 /usr/share/unattended-upgrades/unattended-upgrade-shutdown --wait-for-signal
root         376  0.0  0.5 1756096 16000 ?       Ssl  07:20   0:01 /usr/libexec/wsl-pro-service -vv
root        1615  0.4  0.5  50308 15536 ?        S<sl 07:42   1:07 /usr/lib/systemd/systemd-journald
root           1  0.1  0.4  21976 13056 ?        Ss   07:19   0:20 /usr/lib/systemd/systemd --system --deserialize=59
systemd+    1766  0.0  0.4  21460 12800 ?        Ss   07:42   0:01 /usr/lib/systemd/systemd-resolved
System Report - 2026-03-30
----------------------
Disk Usage:
Filesystem      Size  Used Avail Use% Mounted on
none            1.4G     0  1.4G   0% /usr/lib/modules/6.6.87.2-microsoft-standard-WSL2
none            1.4G  4.0K  1.4G   1% /mnt/wsl
drivers         466G   95G  372G  21% /usr/lib/wsl/drivers
/dev/sdd       1007G  1.9G  954G   1% /
none            1.4G   80K  1.4G   1% /mnt/wslg
none            1.4G     0  1.4G   0% /usr/lib/wsl/lib
rootfs          1.4G  2.7M  1.4G   1% /init
none            1.4G  480K  1.4G   1% /run
none            1.4G     0  1.4G   0% /run/lock
none            1.4G     0  1.4G   0% /run/shm
none            1.4G   76K  1.4G   1% /mnt/wslg/versions.txt
none            1.4G   76K  1.4G   1% /mnt/wslg/doc
C:\             466G   95G  372G  21% /mnt/c
tmpfs           281M   20K  281M   1% /run/user/1000

Memory Usage:
               total        used        free      shared  buff/cache   available
Mem:            2803         362        2372           3         155        2440
Swap:           1024           0        1024

CPU Load:
 11:43:14 up  4:22,  1 user,  load average: 0.16, 0.32, 0.55

Total Running Processes:
29

Top 5 Memory Consuming Processes:
USER         PID %CPU %MEM    VSZ   RSS TTY      STAT START   TIME COMMAND
root         395  0.0  0.7 106992 22272 ?        Ssl  07:21   0:00 /usr/bin/python3 /usr/share/unattended-upgrades/unattended-upgrade-shutdown --wait-for-signal
root         376  0.0  0.5 1756096 16000 ?       Ssl  07:21   0:01 /usr/libexec/wsl-pro-service -vv
root        1615  0.4  0.5  50308 15420 ?        S<s  07:43   1:07 /usr/lib/systemd/systemd-journald
root           1  0.1  0.4  21976 13056 ?        Ss   07:21   0:20 /usr/lib/systemd/systemd --system --deserialize=59
systemd+    1766  0.0  0.4  21460 12800 ?        Ss   07:43   0:01 /usr/lib/systemd/systemd-resolved
