=====================================
 System Health Report
 Date: Thu Apr 16 19:19:39 WAT 2026
=====================================

>>> Disk Usage (df -h)
Filesystem                                Size  Used Avail Use% Mounted on
none                                      1.5G     0  1.5G   0% /usr/lib/modules/6.6.87.2-microsoft-standard-WSL2
none                                      1.5G  4.0K  1.5G   1% /mnt/wsl
none                                      1.5G  556K  1.5G   1% /mnt/wsl/docker-desktop/shared-sockets/host-services
/dev/sdd                                  136M   71M   54M  57% /mnt/wsl/docker-desktop/docker-desktop-user-distro
/dev/loop0                                813M  813M     0 100% /mnt/wsl/docker-desktop/cli-tools
drivers                                   238G  121G  118G  51% /usr/lib/wsl/drivers
/dev/sdf                                 1007G  2.1G  954G   1% /
none                                      1.5G   76K  1.5G   1% /mnt/wslg
none                                      1.5G     0  1.5G   0% /usr/lib/wsl/lib
rootfs                                    1.4G  2.7M  1.4G   1% /init
none                                      1.5G  544K  1.5G   1% /run
none                                      1.5G     0  1.5G   0% /run/lock
none                                      1.5G     0  1.5G   0% /run/shm
none                                      1.5G   76K  1.5G   1% /mnt/wslg/versions.txt
none                                      1.5G   76K  1.5G   1% /mnt/wslg/doc
C:\                                       238G  121G  118G  51% /mnt/c
tmpfs                                     288M   20K  288M   1% /run/user/1000
tmpfs                                     288M   20K  288M   1% /run/user/0
C:\Program Files\Docker\Docker\resources  238G  121G  118G  51% /Docker/host


>>> Memory Usage (free -m)
               total        used        free      shared  buff/cache   available
Mem:            2874         644        1842           4         467        2230
Swap:           1024           1        1022


>>> CPU Load (uptime)
 19:19:39 up  1:29,  2 users,  load average: 0.00, 0.00, 0.00

Total Running Processes: 36

>>> Top 5 Memory-Consuming Processes
    PID COMMAND         %MEM
    599 docker-desktop-  0.9
    209 unattended-upgr  0.7
     58 systemd-journal  0.5
    153 systemd-resolve  0.4
    178 wsl-pro-service  0.4

