Disk Usage:
Disk Usage:
Memory Usage:
               total        used        free      shared  buff/cache   available
Mem:            6249          61        6109           0          78        6025
Swap:           2048           0        2048
CPU Load:
Total Running Processes: 9
Top 5 Memory Consuming Processes
USER       PID %CPU %MEM    VSZ   RSS TTY      STAT START   TIME COMMAND
faery        9  0.0  0.0   6248  5060 pts/0    Ss   08:24   0:00 -bash
faery      116  0.0  0.0   4912  3676 pts/0    S+   13:07   0:00 /bin/bash ./system_check.sh
faery      137  0.0  0.0   7480  3128 pts/0    R+   13:07   0:00 ps aux --sort=-%mem
faery      138  0.0  0.0   3220  1020 pts/0    S+   13:07   0:00 head -n 6
faery      139  0.0  0.0   3212  1016 pts/0    S+   13:07   0:00 tee -a logs/system_report_2026-03-29.log
Disk Usage:
Filesystem      Size  Used Avail Use% Mounted on
/dev/sdb        251G  1.5G  237G   1% /
tmpfs           3.1G     0  3.1G   0% /mnt/wsl
tools           238G  148G   91G  62% /init
none            3.1G  4.0K  3.1G   1% /run
none            3.1G     0  3.1G   0% /run/lock
none            3.1G     0  3.1G   0% /run/shm
none            3.1G     0  3.1G   0% /run/user
tmpfs           3.1G     0  3.1G   0% /sys/fs/cgroup
drivers         238G  148G   91G  62% /usr/lib/wsl/drivers
lib             238G  148G   91G  62% /usr/lib/wsl/lib
C:\             238G  148G   91G  62% /mnt/c
Disk Usage:
Memory Usage:
               total        used        free      shared  buff/cache   available
Mem:            6249          62        6107           0          79        6024
Swap:           2048           0        2048
CPU Load:
Total Running Processes: 9
Top 5 Memory Consuming Processes
USER       PID %CPU %MEM    VSZ   RSS TTY      STAT START   TIME COMMAND
faery        9  0.0  0.0   6248  5060 pts/0    Ss   08:24   0:00 -bash
faery      142  0.0  0.0   4912  3688 pts/0    S+   13:19   0:00 /bin/bash ./system_check.sh
faery      167  0.0  0.0   7480  3152 pts/0    R+   13:19   0:00 ps aux --sort=-%mem
faery      168  0.0  0.0   3220  1044 pts/0    S+   13:19   0:00 head -n 6
faery      169  0.0  0.0   3212  1016 pts/0    S+   13:19   0:00 tee -a logs/system_report_2026-03-29.log
Disk Usage:
Filesystem      Size  Used Avail Use% Mounted on
/dev/sdb        251G  1.5G  237G   1% /
tmpfs           3.1G     0  3.1G   0% /mnt/wsl
tools           238G  148G   91G  62% /init
none            3.1G  4.0K  3.1G   1% /run
none            3.1G     0  3.1G   0% /run/lock
none            3.1G     0  3.1G   0% /run/shm
none            3.1G     0  3.1G   0% /run/user
tmpfs           3.1G     0  3.1G   0% /sys/fs/cgroup
drivers         238G  148G   91G  62% /usr/lib/wsl/drivers
lib             238G  148G   91G  62% /usr/lib/wsl/lib
C:\             238G  148G   91G  62% /mnt/c
Warning Alert:
Memory Usage:
               total        used        free      shared  buff/cache   available
Mem:            6249          62        6107           0          79        6024
Swap:           2048           0        2048
CPU Load:
Total Running Processes: 9
Top 5 Memory Consuming Processes
USER       PID %CPU %MEM    VSZ   RSS TTY      STAT START   TIME COMMAND
faery        9  0.0  0.0   6248  5060 pts/0    Ss   08:24   0:00 -bash
faery      171  0.0  0.0   4912  3628 pts/0    S+   13:20   0:00 /bin/bash ./system_check.sh
faery      196  0.0  0.0   7480  3128 pts/0    R+   13:20   0:00 ps aux --sort=-%mem
faery      197  0.0  0.0   3220  1008 pts/0    S+   13:20   0:00 head -n 6
faery      198  0.0  0.0   3212   992 pts/0    S+   13:20   0:00 tee -a logs/system_report_2026-03-29.log
