=== System Report: Wed Apr  1 10:06:46 UTC 2026 ===

---[Disk Usage]---
Filesystem                         Size  Used Avail Use% Mounted on
udev                               964M     0  964M   0% /dev
tmpfs                              200M  740K  199M   1% /run
/dev/mapper/ubuntu--vg-ubuntu--lv   20G  3.8G   15G  21% /
tmpfs                              997M     0  997M   0% /dev/shm
tmpfs                              5.0M     0  5.0M   0% /run/lock
tmpfs                              997M     0  997M   0% /sys/fs/cgroup
/dev/sda2                          974M   80M  827M   9% /boot
tmpfs                              200M     0  200M   0% /run/user/1000

---[Memory Usage (MB)]---
              total        used        free      shared  buff/cache   available
Mem:           1993         103        1629           0         260        1748
Swap:          2047           0        2047

---[CPU Load]---
 10:06:46 up 10 min,  1 user,  load average: 0.16, 0.14, 0.10

---[Total Running Processes]---: 98

---[Top 5 Memory-Consuming Processes]---
USER       PID %CPU %MEM    VSZ   RSS TTY      STAT START   TIME COMMAND
root       928  0.0  0.9 185944 20336 ?        Ssl  09:59   0:00 /usr/bin/python3 /usr/share/unattended-upgrades/unattended-upgrade-shutdown --wait-for-signal
root       900  0.0  0.8 169520 17692 ?        Ssl  09:59   0:00 /usr/bin/python3 /usr/bin/networkd-dispatcher --run-startup-triggers
root       452  0.0  0.6  94664 13944 ?        S<s  09:59   0:00 /lib/systemd/systemd-journald
root         1  1.0  0.4 159696  8904 ?        Ss   09:56   0:06 /sbin/init maybe-ubiquity
ogheneo+  1207  0.0  0.3  76640  7836 ?        Ss   10:00   0:00 /lib/systemd/systemd --user
