==== SYSTEM REPORT (2026-03-31) ====

--- Disk Usage ---
Filesystem                         Size  Used Avail Use% Mounted on
udev                               964M     0  964M   0% /dev
tmpfs                              200M  748K  199M   1% /run
/dev/mapper/ubuntu--vg-ubuntu--lv   20G  3.8G   15G  21% /
tmpfs                              997M     0  997M   0% /dev/shm
tmpfs                              5.0M     0  5.0M   0% /run/lock
tmpfs                              997M     0  997M   0% /sys/fs/cgroup
/dev/sda2                          974M   80M  827M   9% /boot
tmpfs                              200M     0  200M   0% /run/user/1000

--- Disk Usage Warnings (>80%) ---
WARNING: /boot is at 9%

--- Memory Usage ---
              total        used        free      shared  buff/cache   available
Mem:           1993         107        1331           0         554        1737
Swap:          2047           0        2047

--- CPU Load ---
 21:31:29 up  1:05,  1 user,  load average: 0.12, 0.06, 0.01

--- Total Running Processes ---
Total Processes: 100

--- Top 5 Memory-Consuming Processes ---
  PID COMMAND         %MEM
 1139 unattended-upgr  0.9
 1045 networkd-dispat  0.8
  461 systemd-journal  0.6
    1 systemd          0.4
 3286 systemd          0.3
