===== SYSTEM REPORT =====
Date: Tue Mar 31 07:43:39 PDT 2026

---- Disk Usage ----
Filesystem      Size  Used Avail Use% Mounted on
none            1.9G     0  1.9G   0% /usr/lib/modules/6.6.87.2-microsoft-standard-WSL2
none            1.9G  4.0K  1.9G   1% /mnt/wsl
drivers         119G  105G   15G  88% /usr/lib/wsl/drivers
/dev/sdd       1007G  1.9G  954G   1% /
none            1.9G   76K  1.9G   1% /mnt/wslg
none            1.9G     0  1.9G   0% /usr/lib/wsl/lib
rootfs          1.9G  2.7M  1.9G   1% /init
none            1.9G  760K  1.9G   1% /run
none            1.9G     0  1.9G   0% /run/lock
none            1.9G     0  1.9G   0% /run/shm
none            1.9G   76K  1.9G   1% /mnt/wslg/versions.txt
none            1.9G   76K  1.9G   1% /mnt/wslg/doc
C:\             119G  105G   15G  88% /mnt/c
snapfuse         67M   67M     0 100% /snap/core24/1499
snapfuse         11M   11M     0 100% /snap/htop/5548
snapfuse         11M   11M     0 100% /snap/htop/5716
snapfuse         49M   49M     0 100% /snap/snapd/26382

---- Disk Warning ----
WARNING: drivers is above 80% usage (88%)
WARNING: C:100% snapfuse is above 80% usage (88%)
WARNING: snapfuse is above 80% usage (100%)
WARNING: snapfuse is above 80% usage (100%)
WARNING: snapfuse is above 80% usage (100%)

---- Memory Usage ----
               total        used        free      shared  buff/cache   available
Mem:            3817         442        3381           3         122        3374
Swap:           1024           0        1024

---- CPU Load ----
 07:43:39 up 21 min,  0 user,  load average: 0.00, 0.00, 0.00

---- Running Processes ----
32

---- Top 5 Memory Consuming Processes ----
USER         PID %CPU %MEM    VSZ   RSS TTY      STAT START   TIME COMMAND
root         510  0.1  0.9 1997476 37860 ?       Ssl  07:22   0:01 /snap/snapd/current/usr/lib/snapd/snapd
root         542  0.0  0.5 107024 22400 ?        Ssl  07:22   0:00 /usr/bin/python3 /usr/share/unattended-upgrades/unattended-upgrade-shutdown --wait-for-signal
systemd+     479  0.0  0.3  21460 12800 ?        Ss   07:22   0:00 /usr/lib/systemd/systemd-resolved
root           1  0.2  0.3  21708 12368 ?        Ss   07:21   0:03 /sbin/init
root         358  0.0  0.3  33908 11904 ?        S<s  07:22   0:00 /usr/lib/systemd/systemd-journald

