===== SYSTEM REPORT =====
Date: Sun Mar 29 06:26:40 PDT 2026

---- Disk Usage ----
Filesystem      Size  Used Avail Use% Mounted on
none            1.9G     0  1.9G   0% /usr/lib/modules/6.6.87.2-microsoft-standard-WSL2
none            1.9G  4.0K  1.9G   1% /mnt/wsl
drivers         119G  105G   15G  88% /usr/lib/wsl/drivers
/dev/sdd       1007G  1.9G  954G   1% /
none            1.9G   76K  1.9G   1% /mnt/wslg
none            1.9G     0  1.9G   0% /usr/lib/wsl/lib
rootfs          1.9G  2.7M  1.9G   1% /init
none            1.9G  768K  1.9G   1% /run
none            1.9G     0  1.9G   0% /run/lock
none            1.9G     0  1.9G   0% /run/shm
none            1.9G   76K  1.9G   1% /mnt/wslg/versions.txt
none            1.9G   76K  1.9G   1% /mnt/wslg/doc
C:\             119G  105G   15G  88% /mnt/c
snapfuse         11M   11M     0 100% /snap/htop/5548
snapfuse         67M   67M     0 100% /snap/core24/1499
snapfuse         11M   11M     0 100% /snap/htop/5716
snapfuse         49M   49M     0 100% /snap/snapd/26382

---- Disk Warning ----
WARNING: drivers is above 80% usage (88%)
WARNING: C:100% snapfuse is above 80% usage (88%)
WARNING: snapfuse is above 80% usage (100%)
WARNING: snapfuse is above 80% usage (100%)
WARNING: snapfuse is above 80% usage (100%)

---- Memory Usage ----
               total        used        free      shared  buff/cache   available
Mem:            3817         436        3373           3         147        3380
Swap:           1024           0        1024

---- CPU Load ----
 06:26:40 up  1:55,  0 user,  load average: 0.08, 0.02, 0.01

---- Running Processes ----
30

---- Top 5 Memory Consuming Processes ----
USER         PID %CPU %MEM    VSZ   RSS TTY      STAT START   TIME COMMAND
root         486  0.0  1.0 1924640 39716 ?       Ssl  04:32   0:03 /snap/snapd/current/usr/lib/snapd/snapd
root         518  0.0  0.5 107024 22272 ?        Ssl  04:32   0:00 /usr/bin/python3 /usr/share/unattended-upgrades/unattended-upgrade-shutdown --wait-for-signal
root           1  0.0  0.3  21796 12620 ?        Ss   04:31   0:03 /sbin/init
systemd+     430  0.0  0.3  21460 12544 ?        Ss   04:32   0:00 /usr/lib/systemd/systemd-resolved
root         338  0.0  0.3  34044 12032 ?        S<s  04:32   0:01 /usr/lib/systemd/systemd-journald

