===== SYSTEM REPORT =====
---------- Disk Usage ----------
Filesystem      Size  Used Avail Use% Mounted on
none            1.9G     0  1.9G   0% /usr/lib/modules/6.6.87.2-microsoft-standard-WSL2
none            1.9G  4.0K  1.9G   1% /mnt/wsl
drivers         238G  200G   38G  84% /usr/lib/wsl/drivers
/dev/sdd       1007G  2.1G  954G   1% /
none            1.9G  100K  1.9G   1% /mnt/wslg
none            1.9G     0  1.9G   0% /usr/lib/wsl/lib
rootfs          1.9G  2.7M  1.9G   1% /init
none            1.9G  528K  1.9G   1% /run
none            1.9G     0  1.9G   0% /run/lock
none            1.9G     0  1.9G   0% /run/shm
none            1.9G   76K  1.9G   1% /mnt/wslg/versions.txt
none            1.9G   76K  1.9G   1% /mnt/wslg/doc
C:\             238G  200G   38G  84% /mnt/c
tmpfs           386M   20K  386M   1% /run/user/1000
snapfuse         49M   49M     0 100% /snap/snapd/26382
snapfuse         74M   74M     0 100% /snap/core22/2411
snapfuse        4.5M  4.5M     0 100% /snap/tree/54
---------- Memory Usage ----------
               total        used        free      shared  buff/cache   available
Mem:            3853         474        3365           3         157        3378
Swap:           1024           0        1024
---------- CPU Load ----------
 07:54:41 up  3:55,  1 user,  load average: 0.00, 0.00, 0.00
----- Total running processes: 37
---------- Top 5 memory-consuming processes ----------
USER         PID %CPU %MEM    VSZ   RSS TTY      STAT START   TIME COMMAND
root        2694  0.1  0.9 1924256 37440 ?       Ssl  07:26   0:02 /snap/snapd/current/usr/lib/snapd/snapd
root         237  0.0  0.5 107028 22528 ?        Ssl  03:59   0:00 /usr/bin/python3 /usr/share/unattended-upgrades/unattended-upgrade-shutdown --wait-for-signal
root          67  0.0  0.4  66832 17040 ?        S<s  03:59   0:02 /usr/lib/systemd/systemd-journald
elayoinc    3278  0.0  0.3  22764 13440 pts/2    Tl   07:34   0:00 vim file_manager.sh
root           1  0.1  0.3  22232 12876 ?        Ss   03:59   0:15 /sbin/init
