total 24K
-rw-r--r-- 1 pizzytech pizzy 632 Apr  1 16:24 backup.sh
-rw-r--r-- 1 pizzytech pizzy 878 Mar 31 21:00 file_manager.sh
-rw-r--r-- 1 pizzytech pizzy 405 Apr  1 15:44 process_monitor.sh
-rw-r--r-- 1 pizzytech pizzy 578 Apr  1 16:41 run_all.sh
-rw-r--r-- 1 pizzytech pizzy 838 Mar 31 19:55 system_check.sh
-rw-r--r-- 1 pizzytech pizzy 613 Mar 30 15:08 user_info.sh
====== SYSTEM REPORT ======
------ Disk Usage ------
Filesystem      Size  Used Avail Use% Mounted on
none            1.9G     0  1.9G   0% /usr/lib/modules/6.6.87.2-microsoft-standard-WSL2
none            1.9G  4.0K  1.9G   1% /mnt/wsl
drivers         238G  206G   32G  87% /usr/lib/wsl/drivers
/dev/sdd       1007G  2.3G  954G   1% /
none            1.9G  364K  1.9G   1% /mnt/wslg
none            1.9G     0  1.9G   0% /usr/lib/wsl/lib
rootfs          1.9G  2.7M  1.9G   1% /init
none            1.9G  880K  1.9G   1% /run
none            1.9G     0  1.9G   0% /run/lock
none            1.9G     0  1.9G   0% /run/shm
none            1.9G   76K  1.9G   1% /mnt/wslg/versions.txt
none            1.9G   76K  1.9G   1% /mnt/wslg/doc
C:\             238G  206G   32G  87% /mnt/c
snapfuse        128K  128K     0 100% /snap/bare/5
snapfuse         92M   92M     0 100% /snap/gtk-common-themes/1535
snapfuse         74M   74M     0 100% /snap/core22/1802
snapfuse         74M   74M     0 100% /snap/core22/1908
snapfuse         45M   45M     0 100% /snap/snapd/23771
snapfuse        132M  132M     0 100% /snap/ubuntu-desktop-installer/1286
snapfuse         49M   49M     0 100% /snap/snapd/25935
snapfuse        132M  132M     0 100% /snap/ubuntu-desktop-installer/1276
tmpfs           380M  8.0K  380M   1% /run/user/0
tmpfs           380M  8.0K  380M   1% /run/user/1000
------ Memory Usage ------
               total        used        free      shared  buff/cache   available
Mem:            3790         459        3158           4         171        3251
Swap:           1024           0        1024
------ CPU Load ------
 16:41:15 up 1 day,  4:28,  1 user,  load average: 0.00, 0.00, 0.00
 ------ Total running processes: 49
---------- Top 5 Memory-Consuming Processes ----------
USER         PID %CPU %MEM    VSZ   RSS TTY      STAT START   TIME COMMAND
root         290  0.0  2.1 1156020 81996 ?       Sl   Mar31   0:55 /snap/ubuntu-desktop-installer/1286/usr/bin/python3.10 -m subiquity.cmd.server --use-os-prober --storage-version=2 --postinst-hooks-dir=/snap/ubuntu-desktop-installer/1286/etc/subiquity/postinst.d
root         215  0.0  0.9 1769628 38008 ?       Ssl  Mar31   0:38 /usr/lib/snapd/snapd
root         462  0.4  0.9  44184 37752 ?        S    Mar31   8:22 python3 /snap/ubuntu-desktop-installer/1286/usr/bin/cloud-init status --wait
root         259  0.0  0.5 107272 21248 ?        Ssl  Mar31   0:00 /usr/bin/python3 /usr/share/unattended-upgrades/unattended-upgrade-shutdown --wait-for-signal
root      202443  0.0  0.5 293032 19840 ?        Ssl  13:25   0:00 /usr/libexec/packagekitd
Error: Directory does not exist
Usage: backup.sh <Source Directory>
Backup Created: ../backups/backup_20260401_164137.tar.gz
Old backups cleaned up
====== SYSTEM REPORT ======
------ Disk Usage ------
Filesystem      Size  Used Avail Use% Mounted on
none            1.9G     0  1.9G   0% /usr/lib/modules/6.6.87.2-microsoft-standard-WSL2
none            1.9G  4.0K  1.9G   1% /mnt/wsl
drivers         238G  206G   32G  87% /usr/lib/wsl/drivers
/dev/sdd       1007G  2.3G  954G   1% /
none            1.9G  364K  1.9G   1% /mnt/wslg
none            1.9G     0  1.9G   0% /usr/lib/wsl/lib
rootfs          1.9G  2.7M  1.9G   1% /init
none            1.9G  880K  1.9G   1% /run
none            1.9G     0  1.9G   0% /run/lock
none            1.9G     0  1.9G   0% /run/shm
none            1.9G   76K  1.9G   1% /mnt/wslg/versions.txt
none            1.9G   76K  1.9G   1% /mnt/wslg/doc
C:\             238G  206G   32G  87% /mnt/c
snapfuse        128K  128K     0 100% /snap/bare/5
snapfuse         92M   92M     0 100% /snap/gtk-common-themes/1535
snapfuse         74M   74M     0 100% /snap/core22/1802
snapfuse         74M   74M     0 100% /snap/core22/1908
snapfuse         45M   45M     0 100% /snap/snapd/23771
snapfuse        132M  132M     0 100% /snap/ubuntu-desktop-installer/1286
snapfuse         49M   49M     0 100% /snap/snapd/25935
snapfuse        132M  132M     0 100% /snap/ubuntu-desktop-installer/1276
tmpfs           380M  8.0K  380M   1% /run/user/0
tmpfs           380M  8.0K  380M   1% /run/user/1000
------ Memory Usage ------
               total        used        free      shared  buff/cache   available
Mem:            3790         461        3157           4         171        3250
Swap:           1024           0        1024
------ CPU Load ------
 16:41:49 up 1 day,  4:29,  1 user,  load average: 0.00, 0.00, 0.00
 ------ Total running processes: 48
---------- Top 5 Memory-Consuming Processes ----------
USER         PID %CPU %MEM    VSZ   RSS TTY      STAT START   TIME COMMAND
root         290  0.0  2.1 1156020 81996 ?       Sl   Mar31   0:55 /snap/ubuntu-desktop-installer/1286/usr/bin/python3.10 -m subiquity.cmd.server --use-os-prober --storage-version=2 --postinst-hooks-dir=/snap/ubuntu-desktop-installer/1286/etc/subiquity/postinst.d
root         215  0.0  0.9 1769628 38008 ?       Ssl  Mar31   0:38 /usr/lib/snapd/snapd
root         462  0.4  0.9  44184 37752 ?        S    Mar31   8:22 python3 /snap/ubuntu-desktop-installer/1286/usr/bin/cloud-init status --wait
root         259  0.0  0.5 107272 21248 ?        Ssl  Mar31   0:00 /usr/bin/python3 /usr/share/unattended-upgrades/unattended-upgrade-shutdown --wait-for-signal
root      202443  0.0  0.5 293032 19840 ?        Ssl  13:25   0:00 /usr/libexec/packagekitd
total 24K
-rw-r--r-- 1 pizzytech pizzy 632 Apr  1 16:24 backup.sh
-rw-r--r-- 1 pizzytech pizzy 878 Mar 31 21:00 file_manager.sh
-rw-r--r-- 1 pizzytech pizzy 405 Apr  1 15:44 process_monitor.sh
-rw-r--r-- 1 pizzytech pizzy 580 Apr  1 16:42 run_all.sh
-rw-r--r-- 1 pizzytech pizzy 838 Mar 31 19:55 system_check.sh
-rw-r--r-- 1 pizzytech pizzy 613 Mar 30 15:08 user_info.sh
====== SYSTEM REPORT ======
------ Disk Usage ------
Filesystem      Size  Used Avail Use% Mounted on
none            1.9G     0  1.9G   0% /usr/lib/modules/6.6.87.2-microsoft-standard-WSL2
none            1.9G  4.0K  1.9G   1% /mnt/wsl
drivers         238G  206G   32G  87% /usr/lib/wsl/drivers
/dev/sdd       1007G  2.3G  954G   1% /
none            1.9G  364K  1.9G   1% /mnt/wslg
none            1.9G     0  1.9G   0% /usr/lib/wsl/lib
rootfs          1.9G  2.7M  1.9G   1% /init
none            1.9G  880K  1.9G   1% /run
none            1.9G     0  1.9G   0% /run/lock
none            1.9G     0  1.9G   0% /run/shm
none            1.9G   76K  1.9G   1% /mnt/wslg/versions.txt
none            1.9G   76K  1.9G   1% /mnt/wslg/doc
C:\             238G  206G   32G  87% /mnt/c
snapfuse        128K  128K     0 100% /snap/bare/5
snapfuse         92M   92M     0 100% /snap/gtk-common-themes/1535
snapfuse         74M   74M     0 100% /snap/core22/1802
snapfuse         74M   74M     0 100% /snap/core22/1908
snapfuse         45M   45M     0 100% /snap/snapd/23771
snapfuse        132M  132M     0 100% /snap/ubuntu-desktop-installer/1286
snapfuse         49M   49M     0 100% /snap/snapd/25935
snapfuse        132M  132M     0 100% /snap/ubuntu-desktop-installer/1276
tmpfs           380M  8.0K  380M   1% /run/user/0
tmpfs           380M  8.0K  380M   1% /run/user/1000
------ Memory Usage ------
               total        used        free      shared  buff/cache   available
Mem:            3790         459        3159           4         171        3252
Swap:           1024           0        1024
------ CPU Load ------
 16:42:57 up 1 day,  4:30,  1 user,  load average: 0.00, 0.00, 0.00
 ------ Total running processes: 49
---------- Top 5 Memory-Consuming Processes ----------
USER         PID %CPU %MEM    VSZ   RSS TTY      STAT START   TIME COMMAND
root         290  0.0  2.1 1156020 81996 ?       Sl   Mar31   0:55 /snap/ubuntu-desktop-installer/1286/usr/bin/python3.10 -m subiquity.cmd.server --use-os-prober --storage-version=2 --postinst-hooks-dir=/snap/ubuntu-desktop-installer/1286/etc/subiquity/postinst.d
root         215  0.0  0.9 1769628 38008 ?       Ssl  Mar31   0:38 /usr/lib/snapd/snapd
root         462  0.4  0.9  44184 37752 ?        S    Mar31   8:22 python3 /snap/ubuntu-desktop-installer/1286/usr/bin/cloud-init status --wait
root         259  0.0  0.5 107272 21248 ?        Ssl  Mar31   0:00 /usr/bin/python3 /usr/share/unattended-upgrades/unattended-upgrade-shutdown --wait-for-signal
root      202443  0.0  0.5 293032 19840 ?        Ssl  13:25   0:00 /usr/libexec/packagekitd
Backup Created: ../backups/backup_20260401_164257.tar.gz
Old backups cleaned up
nginx is Stopped. Restarting...
nginx Restarted
ssh is Stopped. Restarting...
ssh Restarted
docker is Stopped. Restarting...
docker Restarted
