System Check Report - 2026-03-27 11:24:47
========================================

Disk Usage (df -h)
Filesystem      Size  Used Avail Use% Mounted on
none            1.8G     0  1.8G   0% /usr/lib/modules/6.6.87.2-microsoft-standard-WSL2
none            1.8G  4.0K  1.8G   1% /mnt/wsl
drivers         238G  219G   20G  92% /usr/lib/wsl/drivers
/dev/sdd       1007G   30G  927G   4% /
none            1.8G   76K  1.8G   1% /mnt/wslg
none            1.8G     0  1.8G   0% /usr/lib/wsl/lib
rootfs          1.8G  2.7M  1.8G   1% /init
none            1.8G  728K  1.8G   1% /run
none            1.8G     0  1.8G   0% /run/lock
none            1.8G     0  1.8G   0% /run/shm
none            1.8G   96K  1.8G   1% /mnt/wslg/versions.txt
none            1.8G   96K  1.8G   1% /mnt/wslg/doc
C:\             238G  219G   20G  92% /mnt/c
tmpfs           358M  8.0K  358M   1% /run/user/1000

Memory Usage (free -m)
               total        used        free      shared  buff/cache   available
Mem:            3574         501        2060          18        1012        2975
Swap:           1024           0        1024

CPU Load (uptime)
 11:24:47 up 11 min,  1 user,  load average: 0.14, 0.25, 0.23

Disk Usage Warnings (>80%)
Warning: drivers mounted on /usr/lib/wsl/drivers is at 92% usage.
Warning: C:\ mounted on /mnt/c is at 92% usage.

Total Running Processes
60

Top 5 Memory-Consuming Processes
    PID COMMAND         %MEM %CPU
    315 dockerd          2.8  1.0
   2127 codex            2.2  1.3
    221 containerd       1.3  0.4
   2015 node             1.0  0.0
    795 postgres         0.7  0.0
