------------------------------------------
System Report Generated on: Fri Mar 27 08:56:38 WAT 2026
------------------------------------------

[Disk Usage]
Filesystem      Size  Used Avail Use% Mounted on
none            3.8G     0  3.8G   0% /usr/lib/modules/6.6.87.2-microsoft-standard-WSL2
none            3.8G  4.0K  3.8G   1% /mnt/wsl
drivers          68G   60G  7.8G  89% /usr/lib/wsl/drivers
/dev/sdd       1007G  2.0G  954G   1% /
none            3.8G   76K  3.8G   1% /mnt/wslg
none            3.8G     0  3.8G   0% /usr/lib/wsl/lib
rootfs          3.8G  2.7M  3.8G   1% /init
none            3.8G  508K  3.8G   1% /run
none            3.8G     0  3.8G   0% /run/lock
none            3.8G     0  3.8G   0% /run/shm
none            3.8G   76K  3.8G   1% /mnt/wslg/versions.txt
none            3.8G   76K  3.8G   1% /mnt/wslg/doc
C:\              68G   60G  7.8G  89% /mnt/c
D:\             170G   71G   99G  42% /mnt/d
tmpfs           763M   20K  763M   1% /run/user/1000

[Memory Usage]
               total        used        free      shared  buff/cache   available
Mem:            7626         491        7111           3         177        7134
Swap:           2048           0        2048

[CPU Load]
 08:56:38 up  2:30,  1 user,  load average: 0.00, 0.00, 0.00

✅ Disk usage is within safe limits (1%).

[Process Stats]
Total running processes: 29
Top 5 Memory-Consuming Processes:
USER         PID %CPU %MEM    VSZ   RSS TTY      STAT START   TIME COMMAND
root         213  0.0  0.2 107008 22144 ?        Ssl  06:26   0:00 /usr/bin/python3 /usr/share/unattended-upgrades/unattended-upgrade-shutdown --wait-for-signal
root         847  0.0  0.1  58528 15172 ?        S<s  06:38   0:01 /usr/lib/systemd/systemd-journald
root           1  0.0  0.1  22048 12800 ?        Ss   06:26   0:02 /usr/lib/systemd/systemd --system --deserialize=82
systemd+     998  0.0  0.1  21460 12672 ?        Ss   06:38   0:00 /usr/lib/systemd/systemd-resolved
olusola+     361  0.0  0.1  20032 10880 ?        Ss   06:26   0:00 /usr/lib/systemd/systemd --user --deserialize=23
------------------------------------------
System Report Generated on: Fri Mar 27 15:49:20 WAT 2026
------------------------------------------

[Disk Usage]
Filesystem      Size  Used Avail Use% Mounted on
none            3.8G     0  3.8G   0% /usr/lib/modules/6.6.87.2-microsoft-standard-WSL2
none            3.8G  4.0K  3.8G   1% /mnt/wsl
drivers          68G   61G  7.5G  89% /usr/lib/wsl/drivers
/dev/sdd       1007G  2.0G  954G   1% /
none            3.8G   80K  3.8G   1% /mnt/wslg
none            3.8G     0  3.8G   0% /usr/lib/wsl/lib
rootfs          3.8G  2.7M  3.8G   1% /init
none            3.8G  512K  3.8G   1% /run
none            3.8G     0  3.8G   0% /run/lock
none            3.8G     0  3.8G   0% /run/shm
none            3.8G   76K  3.8G   1% /mnt/wslg/versions.txt
none            3.8G   76K  3.8G   1% /mnt/wslg/doc
C:\              68G   61G  7.5G  89% /mnt/c
D:\             170G   71G   99G  42% /mnt/d
tmpfs           763M   20K  763M   1% /run/user/1000

[Memory Usage]
               total        used        free      shared  buff/cache   available
Mem:            7626         501        7075           3         202        7124
Swap:           2048           0        2048

[CPU Load]
 15:49:20 up  9:24,  1 user,  load average: 0.00, 0.00, 0.00

✅ Disk usage is within safe limits (1%).

[Process Stats]
Total running processes: 37
Top 5 Memory-Consuming Processes:
USER         PID %CPU %MEM    VSZ   RSS TTY      STAT START   TIME COMMAND
root         213  0.0  0.2 107008 22144 ?        Ssl  06:25   0:00 /usr/bin/python3 /usr/share/unattended-upgrades/unattended-upgrade-shutdown --wait-for-signal
root         847  0.0  0.1  58528 15172 ?        S<s  06:37   0:02 /usr/lib/systemd/systemd-journald
root        3430  0.0  0.1 1830608 13184 ?       Ssl  15:44   0:00 /usr/libexec/wsl-pro-service
root           1  0.0  0.1  22048 12800 ?        Ss   06:25   0:04 /usr/lib/systemd/systemd --system --deserialize=82
systemd+     998  0.0  0.1  21460 12672 ?        Ss   06:37   0:00 /usr/lib/systemd/systemd-resolved
