System Report - Tue Apr 14 11:54:40 WAT 2026
Disk Usage:
Filesystem      Size  Used Avail Use% Mounted on
none            3.8G     0  3.8G   0% /usr/lib/modules/6.6.87.2-microsoft-standard-WSL2
none            3.8G  4.0K  3.8G   1% /mnt/wsl
drivers         476G  446G   31G  94% /usr/lib/wsl/drivers
/dev/sdd       1007G  1.7G  954G   1% /
none            3.8G   92K  3.8G   1% /mnt/wslg
none            3.8G     0  3.8G   0% /usr/lib/wsl/lib
rootfs          3.8G  2.7M  3.8G   1% /init
none            3.8G  500K  3.8G   1% /run
none            3.8G     0  3.8G   0% /run/lock
none            3.8G     0  3.8G   0% /run/shm
none            3.8G   76K  3.8G   1% /mnt/wslg/versions.txt
none            3.8G   76K  3.8G   1% /mnt/wslg/doc
C:\             476G  446G   31G  94% /mnt/c
tmpfs           761M  8.0K  761M   1% /run/user/1000
Memory Usage:
               total        used        free      shared  buff/cache   available
Mem:            7608         321        7151           3         134        7137
Swap:           2048           0        2048
CPU Load:
 11:54:41 up  3:38,  1 user,  load average: 0.00, 0.00, 0.00
Total Processes:
27
Top 5 Memory Processes:
USER         PID %CPU %MEM    VSZ   RSS TTY      STAT START   TIME COMMAND
root         258  0.0  0.2 107172 21504 ?        Ssl  08:15   0:00 /usr/bin/python3 /usr/share/unattended-upgrades/unattended-upgrade-shutdown --wait-for-signal
root         202  0.0  0.2  30184 18688 ?        Ss   08:15   0:00 /usr/bin/python3 /usr/bin/networkd-dispatcher --run-startup-triggers
root          69  0.0  0.1  47736 15232 ?        S<s  08:15   0:05 /lib/systemd/systemd-journald
systemd+     101  0.0  0.1  26204 13824 ?        Ss   08:15   0:01 /lib/systemd/systemd-resolved
root           1  0.0  0.1 165952 10752 ?        Ss   08:15   0:10 /sbin/init
