===== SYSTEM REPORT =====
---------- Disk Usage ----------
Filesystem      Size  Used Avail Use% Mounted on
tmpfs           378M  2.0M  376M   1% /run
/dev/sda2        30G   12G   16G  44% /
tmpfs           1.9G     0  1.9G   0% /dev/shm
tmpfs           5.0M  8.0K  5.0M   1% /run/lock
tmpfs           378M  136K  378M   1% /run/user/1000
/dev/sr0        100M  100M     0 100% /media/dera/CDROM
/dev/sr1        6.2G  6.2G     0 100% /media/dera/Ubuntu 24.04.4 LTS amd64
---------- Memory Usage ----------
               total        used        free      shared  buff/cache   available
Mem:            3771        1299         715          34        2025        2472
Swap:           3770           0        3770
---------- CPU Load ----------
 14:29:35 up  1:43,  1 user,  load average: 0.33, 0.22, 0.34
----- Total running processes: 309
---------- Top 5 memory-consuming processes ----------
USER         PID %CPU %MEM    VSZ   RSS TTY      STAT START   TIME COMMAND
dera        2546 22.9 10.7 4030948 413692 ?      Ssl  12:49  22:58 /usr/bin/gnome-shell
dera        3381  0.0  2.6 1128172 104068 ?      Sl   12:50   0:03 /usr/libexec/mutter-x11-frames
dera        3315  0.0  2.2 651068 85060 ?        Ssl  12:50   0:02 /usr/libexec/gsd-xsettings
dera        3038  0.0  1.7 245460 69284 ?        S    12:49   0:03 /usr/bin/Xwayland :0 -rootless -noreset -accessx -core -auth /run/user/1000/.mutter-Xwaylandauth.ZTHMM3 -listenfd 4 -listenfd 5 -displayfd 6 -initfd 7 -byteswappedclients
dera        3727  0.7  1.6 737692 65208 ?        Ssl  12:53   0:41 /usr/libexec/gnome-terminal-server
===== SYSTEM REPORT =====
---------- Disk Usage ----------
Filesystem      Size  Used Avail Use% Mounted on
tmpfs           378M  2.1M  376M   1% /run
/dev/sda2        30G   12G   16G  44% /
tmpfs           1.9G     0  1.9G   0% /dev/shm
tmpfs           5.0M  8.0K  5.0M   1% /run/lock
tmpfs           378M  140K  378M   1% /run/user/1000
/dev/sr0        100M  100M     0 100% /media/dera/CDROM
/dev/sr1        6.2G  6.2G     0 100% /media/dera/Ubuntu 24.04.4 LTS amd64
---------- Memory Usage ----------
               total        used        free      shared  buff/cache   available
Mem:            3771        1329         676          35        2034        2442
Swap:           3770           0        3770
---------- CPU Load ----------
 17:05:12 up  3:40,  1 user,  load average: 0.06, 0.05, 0.08
----- Total running processes: 313
---------- Top 5 memory-consuming processes ----------
USER         PID %CPU %MEM    VSZ   RSS TTY      STAT START   TIME COMMAND
dera        2546 11.6 11.2 4042116 433408 ?      Ssl  13:28  25:21 /usr/bin/gnome-shell
dera        3381  0.0  2.6 1128428 104072 ?      Sl   13:29   0:03 /usr/libexec/mutter-x11-frames
dera        3315  0.0  2.2 651068 85060 ?        Ssl  13:28   0:03 /usr/libexec/gsd-xsettings
dera        3038  0.0  1.7 245464 69488 ?        S    13:28   0:04 /usr/bin/Xwayland :0 -rootless -noreset -accessx -core -auth /run/user/1000/.mutter-Xwaylandauth.ZTHMM3 -listenfd 4 -listenfd 5 -displayfd 6 -initfd 7 -byteswappedclients
dera        3727  0.4  1.6 737988 65596 ?        Ssl  13:32   0:53 /usr/libexec/gnome-terminal-server
===== SYSTEM REPORT =====
---------- Disk Usage ----------
Filesystem      Size  Used Avail Use% Mounted on
tmpfs           378M  2.1M  376M   1% /run
/dev/sda2        30G   12G   16G  44% /
tmpfs           1.9G     0  1.9G   0% /dev/shm
tmpfs           5.0M  8.0K  5.0M   1% /run/lock
tmpfs           378M  140K  378M   1% /run/user/1000
/dev/sr0        100M  100M     0 100% /media/dera/CDROM
/dev/sr1        6.2G  6.2G     0 100% /media/dera/Ubuntu 24.04.4 LTS amd64
---------- Memory Usage ----------
               total        used        free      shared  buff/cache   available
Mem:            3771        1325         680          35        2034        2446
Swap:           3770           0        3770
---------- CPU Load ----------
 17:12:57 up  3:47,  1 user,  load average: 0.70, 0.27, 0.15
----- Total running processes: 311
---------- Top 5 memory-consuming processes ----------
USER         PID %CPU %MEM    VSZ   RSS TTY      STAT START   TIME COMMAND
dera        2546 11.3 11.2 4038260 433436 ?      Ssl  13:28  25:30 /usr/bin/gnome-shell
dera        3381  0.0  2.6 1128428 104072 ?      Sl   13:29   0:03 /usr/libexec/mutter-x11-frames
dera        3315  0.0  2.2 651068 85060 ?        Ssl  13:28   0:03 /usr/libexec/gsd-xsettings
dera        3038  0.0  1.7 245464 69488 ?        S    13:28   0:04 /usr/bin/Xwayland :0 -rootless -noreset -accessx -core -auth /run/user/1000/.mutter-Xwaylandauth.ZTHMM3 -listenfd 4 -listenfd 5 -displayfd 6 -initfd 7 -byteswappedclients
dera        3727  0.4  1.6 737988 65600 ?        Ssl  13:32   0:54 /usr/libexec/gnome-terminal-server
