--- SYSTEM CHECK REPORT: 2026-03-27 ---

[DISK USAGE]
Filesystem      Size  Used Avail Use% Mounted on
none            3.9G     0  3.9G   0% /usr/lib/modules/6.6.87.2-microsoft-standard-WSL2
none            3.9G  4.0K  3.9G   1% /mnt/wsl
drivers         476G  291G  185G  62% /usr/lib/wsl/drivers
/dev/sdd       1007G  1.6G  955G   1% /
none            3.9G   84K  3.9G   1% /mnt/wslg
none            3.9G     0  3.9G   0% /usr/lib/wsl/lib
rootfs          3.9G  2.7M  3.9G   1% /init
none            3.9G  500K  3.9G   1% /run
none            3.9G     0  3.9G   0% /run/lock
none            3.9G     0  3.9G   0% /run/shm
none            3.9G   76K  3.9G   1% /mnt/wslg/versions.txt
none            3.9G   76K  3.9G   1% /mnt/wslg/doc
C:\             476G  291G  185G  62% /mnt/c
tmpfs           785M  8.0K  785M   1% /run/user/1000

[MEMORY USAGE]
               total        used        free      shared  buff/cache   available
Mem:            7844         322        7359           3         162        7369
Swap:           2048           0        2048

[CPU LOAD]
 17:15:29 up  2:30,  1 user,  load average: 0.00, 0.00, 0.00

[PROCESS COUNT]
Total running processes: 30

[TOP 5 MEMORY PROCESSES]
USER         PID %CPU %MEM    VSZ   RSS TTY      STAT START   TIME COMMAND
root         228  0.0  0.2 107172 21632 ?        Ssl  14:44   0:00 /usr/bin/python3 /usr/share/unattended-upgrades/unattended-upgrade-shutdown --wait-for-signal
root         187  0.0  0.2  30184 18432 ?        Ss   14:44   0:00 /usr/bin/python3 /usr/bin/networkd-dispatcher --run-startup-triggers
root          63  0.0  0.2  64200 17996 ?        S<s  14:44   0:00 /lib/systemd/systemd-journald
systemd+      92  0.0  0.1  26204 13680 ?        Ss   14:44   0:00 /lib/systemd/systemd-resolved
worldof+     899  0.0  0.1  18812 10624 pts/0    T    16:22   0:00 vi scripts/user_info.sh

 Disk usage is healthy: 1%
