===== SYSTEM REPORT =====
---------- Disk Usage ----------
Filesystem      Size  Used Avail Use% Mounted on
tmpfs           1.3G  1.9M  1.3G   1% /run
/dev/sda2        25G  7.9G   16G  34% /
tmpfs           3.2G     0  3.2G   0% /dev/shm
tmpfs           5.0M  8.0K  5.0M   1% /run/lock
tmpfs           3.2G  8.0K  3.2G   1% /tmp
tmpfs           1.0M     0  1.0M   0% /run/credentials/systemd-journald.service
tmpfs           1.0M     0  1.0M   0% /run/credentials/systemd-resolved.service
tmpfs           637M  104K  637M   1% /run/user/1000
/dev/sr0         51M   51M     0 100% /media/osamu/VBox_GAs_7.2.6
---------- Memory Usage ----------
               total        used        free      shared  buff/cache   available
Mem:            6365        1505        3174          24        1945        4859
Swap:              0           0           0
---------- CPU Load ----------
 12:25:38 up  1:30,  1 user,  load average: 0.32, 0.07, 0.02
----- Total running processes: 253
---------- Top 5 memory-consuming processes ----------
USER         PID %CPU %MEM    VSZ   RSS TTY      STAT START   TIME COMMAND
osamu       2604  3.5  6.8 4606528 445204 ?      Ssl  10:55   3:09 /usr/bin/gnome-shell
osamu       5240  1.7  4.9 1819096 325128 ?      Sl   11:40   0:47 /usr/bin/ptyxis --gapplication-service
osamu       3258  0.0  1.7 849852 114200 ?       Sl   10:55   0:00 /usr/libexec/mutter-x11-frames
osamu       3394  0.0  1.0 374572 69676 ?        Sl   10:55   0:00 /usr/libexec/ibus-x11
osamu       3060  0.0  1.0 215720 68584 ?        S    10:55   0:01 /usr/bin/Xwayland :0 -rootless -noreset -accessx -core -auth /run/user/1000/.mutter-Xwaylandauth.S31QM3 -listenfd 4 -listenfd 5 -displayfd 6 -initfd 7 -byteswappedclients
