=== System Report - 2026-04-01 ===
Filesystem      Size  Used Avail Use% Mounted on
none            3.9G     0  3.9G   0% /usr/lib/modules/6.6.87.2-microsoft-standard-WSL2
none            3.9G  4.0K  3.9G   1% /mnt/wsl
drivers         238G   90G  148G  38% /usr/lib/wsl/drivers
/dev/sdd       1007G  2.3G  954G   1% /
none            3.9G   76K  3.9G   1% /mnt/wslg
none            3.9G     0  3.9G   0% /usr/lib/wsl/lib
rootfs          3.9G  2.7M  3.9G   1% /init
none            3.9G  504K  3.9G   1% /run
none            3.9G     0  3.9G   0% /run/lock
none            3.9G     0  3.9G   0% /run/shm
none            3.9G   76K  3.9G   1% /mnt/wslg/versions.txt
none            3.9G   76K  3.9G   1% /mnt/wslg/doc
C:\             238G   90G  148G  38% /mnt/c
tmpfs           787M   20K  787M   1% /run/user/1000
               total        used        free      shared  buff/cache   available
Mem:            7862         466        7405           3         140        7396
Swap:           2048           0        2048
 01:17:23 up 44 min,  1 user,  load average: 0.00, 0.00, 0.00
USER         PID %CPU %MEM    VSZ   RSS TTY      STAT START   TIME COMMAND
root         248  0.0  0.2 107024 22016 ?        Ssl  00:33   0:00 /usr/bin/python3 /usr/share/unattended-upgrades/unattended-upgrade-shutdown --wait-for-signal
root          58  0.0  0.1  50432 15488 ?        S<s  00:33   0:00 /usr/lib/systemd/systemd-journald
systemd+     172  0.0  0.1  21460 12672 ?        Ss   00:33   0:00 /usr/lib/systemd/systemd-resolved
root           1  0.1  0.1  21660 12160 ?        Ss   00:33   0:03 /sbin/init
williams     435  0.0  0.1  20108 10880 ?        Ss   00:33   0:00 /usr/lib/systemd/systemd --user
