===== SYSTEM REPORT =====
Disk Usage:
Filesystem      Size  Used Avail Use% Mounted on
none            3.8G     0  3.8G   0% /usr/lib/modules/6.6.87.2-microsoft-standard-WSL2
none            3.8G  4.0K  3.8G   1% /mnt/wsl
drivers         238G  105G  133G  45% /usr/lib/wsl/drivers
/dev/sdd       1007G  1.9G  954G   1% /
none            3.8G   76K  3.8G   1% /mnt/wslg
none            3.8G     0  3.8G   0% /usr/lib/wsl/lib
rootfs          3.8G  2.7M  3.8G   1% /init
none            3.8G  500K  3.8G   1% /run
none            3.8G     0  3.8G   0% /run/lock
none            3.8G     0  3.8G   0% /run/shm
none            3.8G   76K  3.8G   1% /mnt/wslg/versions.txt
none            3.8G   76K  3.8G   1% /mnt/wslg/doc
C:\             238G  105G  133G  45% /mnt/c
tmpfs           761M   20K  761M   1% /run/user/1000
Memory Usage:
               total        used        free      shared  buff/cache   available
Mem:            7608         462        6811           3         487        7145
Swap:           2048           0        2048
CPU Load:
 19:11:01 up 17 min,  1 user,  load average: 0.00, 0.00, 0.00
Total running processes: 28
Top 5 memory-consuming processes:
USER         PID %CPU %MEM    VSZ   RSS TTY      STAT START   TIME COMMAND
root         202  0.0  0.2 107024 22400 ?        Ssl  18:53   0:00 /usr/bin/python3 /usr/share/unattended-upgrades/unattended-upgrade-shutdown --wait-for-signal
root          42  1.9  0.1  66844 15308 ?        S<s  18:53   0:21 /usr/lib/systemd/systemd-journald
systemd+     107  0.0  0.1  21460 12288 ?        Ss   18:53   0:00 /usr/lib/systemd/systemd-resolved
root           1  0.2  0.1  21712 12248 ?        Ss   18:53   0:02 /sbin/init
muhammad     365  0.0  0.1  20312 10880 ?        Ss   18:53   0:00 /usr/lib/systemd/systemd --user
