===== SYSTEM REPORT =====
---------- Disk Usage ----------
Filesystem      Size  Used Avail Use% Mounted on
none            3.9G     0  3.9G   0% /usr/lib/modules/6.6.87.2-microsoft-standard-WSL2
none            3.9G  4.0K  3.9G   1% /mnt/wsl
drivers         237G  147G   91G  62% /usr/lib/wsl/drivers
/dev/sdd       1007G  2.1G  954G   1% /
none            3.9G  128K  3.9G   1% /mnt/wslg
none            3.9G     0  3.9G   0% /usr/lib/wsl/lib
rootfs          3.9G  2.7M  3.9G   1% /init
none            3.9G  512K  3.9G   1% /run
none            3.9G     0  3.9G   0% /run/lock
none            3.9G     0  3.9G   0% /run/shm
none            3.9G   76K  3.9G   1% /mnt/wslg/versions.txt
none            3.9G   76K  3.9G   1% /mnt/wslg/doc
C:\             237G  147G   91G  62% /mnt/c
tmpfs           787M   20K  787M   1% /run/user/1000
---------- Memory Usage ----------
               total        used        free      shared  buff/cache   available
Mem:            7862         503        6971           3         546        7359
Swap:           2048           0        2048
---------- CPU Load ----------
 16:10:00 up  3:55,  1 user,  load average: 0.12, 0.20, 0.11
----- Total running processes: 29
---------- Top 5 memory-consuming processes ----------
USER         PID %CPU %MEM    VSZ   RSS TTY      STAT START   TIME COMMAND
root         219  0.0  0.2 107024 21880 ?        Ssl  13:07   0:00 /usr/bin/python3 /usr/share/unattended-upgrades/unattended-upgrade-shutdown --wait-for-signal
root          57  1.2  0.1  66836 15120 ?        S<s  13:07   2:11 /usr/lib/systemd/systemd-journald
systemd+     169  0.0  0.1  21460 12672 ?        Ss   13:07   0:01 /usr/lib/systemd/systemd-resolved
root           1  0.1  0.1  21872 12228 ?        Ss   13:07   0:11 /sbin/init
babafemi     372  0.0  0.1  20104 10880 ?        Ss   13:07   0:01 /usr/lib/systemd/systemd --user
===== SYSTEM REPORT =====
---------- Disk Usage ----------
Filesystem      Size  Used Avail Use% Mounted on
none            3.9G     0  3.9G   0% /usr/lib/modules/6.6.87.2-microsoft-standard-WSL2
none            3.9G  4.0K  3.9G   1% /mnt/wsl
drivers         237G  147G   91G  62% /usr/lib/wsl/drivers
/dev/sdd       1007G  2.1G  954G   1% /
none            3.9G  128K  3.9G   1% /mnt/wslg
none            3.9G     0  3.9G   0% /usr/lib/wsl/lib
rootfs          3.9G  2.7M  3.9G   1% /init
none            3.9G  516K  3.9G   1% /run
none            3.9G     0  3.9G   0% /run/lock
none            3.9G     0  3.9G   0% /run/shm
none            3.9G   76K  3.9G   1% /mnt/wslg/versions.txt
none            3.9G   76K  3.9G   1% /mnt/wslg/doc
C:\             237G  147G   91G  62% /mnt/c
tmpfs           787M   20K  787M   1% /run/user/1000
---------- Memory Usage ----------
               total        used        free      shared  buff/cache   available
Mem:            7862         511        6994           3         515        7350
Swap:           2048           0        2048
---------- CPU Load ----------
 15:51:14 up  4:35,  1 user,  load average: 0.00, 0.00, 0.00
----- Total running processes: 33
---------- Top 5 memory-consuming processes ----------
USER         PID %CPU %MEM    VSZ   RSS TTY      STAT START   TIME COMMAND
root         219  0.0  0.2 107024 21880 ?        Ssl  12:08   0:00 /usr/bin/python3 /usr/share/unattended-upgrades/unattended-upgrade-shutdown --wait-for-signal
root          57  1.3  0.1  66836 15176 ?        S<s  12:08   2:58 /usr/lib/systemd/systemd-journald
root        5392  0.0  0.1 1756620 13056 ?       Ssl  15:45   0:00 /usr/libexec/wsl-pro-service
systemd+     169  0.0  0.1  21460 12672 ?        Ss   12:08   0:01 /usr/lib/systemd/systemd-resolved
root           1  0.1  0.1  21872 12228 ?        Ss   12:08   0:13 /sbin/init
===== SYSTEM REPORT =====
---------- Disk Usage ----------
Filesystem      Size  Used Avail Use% Mounted on
none            3.9G     0  3.9G   0% /usr/lib/modules/6.6.87.2-microsoft-standard-WSL2
none            3.9G  4.0K  3.9G   1% /mnt/wsl
drivers         237G  147G   91G  62% /usr/lib/wsl/drivers
/dev/sdd       1007G  2.1G  954G   1% /
none            3.9G  128K  3.9G   1% /mnt/wslg
none            3.9G     0  3.9G   0% /usr/lib/wsl/lib
rootfs          3.9G  2.7M  3.9G   1% /init
none            3.9G  516K  3.9G   1% /run
none            3.9G     0  3.9G   0% /run/lock
none            3.9G     0  3.9G   0% /run/shm
none            3.9G   76K  3.9G   1% /mnt/wslg/versions.txt
none            3.9G   76K  3.9G   1% /mnt/wslg/doc
C:\             237G  147G   91G  62% /mnt/c
tmpfs           787M   20K  787M   1% /run/user/1000
---------- Memory Usage ----------
               total        used        free      shared  buff/cache   available
Mem:            7862         511        6991           3         518        7350
Swap:           2048           0        2048
---------- CPU Load ----------
 16:50:36 up  4:36,  1 user,  load average: 0.00, 0.00, 0.00
----- Total running processes: 32
---------- Top 5 memory-consuming processes ----------
USER         PID %CPU %MEM    VSZ   RSS TTY      STAT START   TIME COMMAND
root         219  0.0  0.2 107024 21880 ?        Ssl  13:07   0:00 /usr/bin/python3 /usr/share/unattended-upgrades/unattended-upgrade-shutdown --wait-for-signal
root          57  1.3  0.1  66836 15172 ?        S<s  13:07   2:58 /usr/lib/systemd/systemd-journald
root        5392  0.0  0.1 1756620 13056 ?       Ssl  16:44   0:00 /usr/libexec/wsl-pro-service
systemd+     169  0.0  0.1  21460 12672 ?        Ss   13:07   0:01 /usr/lib/systemd/systemd-resolved
root           1  0.1  0.1  21872 12228 ?        Ss   13:07   0:14 /sbin/init
