System Report - 2026-03-28
Disk Usage:
Filesystem      Size  Used Avail Use% Mounted on
none            1.9G     0  1.9G   0% /usr/lib/modules/6.6.87.2-microsoft-standard-WSL2
none            1.9G  4.0K  1.9G   1% /mnt/wsl
drivers         238G   88G  150G  37% /usr/lib/wsl/drivers
/dev/sdd       1007G  1.7G  955G   1% /
none            1.9G  104K  1.9G   1% /mnt/wslg
none            1.9G     0  1.9G   0% /usr/lib/wsl/lib
rootfs          1.9G  2.7M  1.9G   1% /init
none            1.9G  484K  1.9G   1% /run
none            1.9G     0  1.9G   0% /run/lock
none            1.9G     0  1.9G   0% /run/shm
none            1.9G   76K  1.9G   1% /mnt/wslg/versions.txt
none            1.9G   76K  1.9G   1% /mnt/wslg/doc
C:\             238G   88G  150G  37% /mnt/c
tmpfs           387M   20K  387M   1% /run/user/1000
Disk Warnings:
Memory Usage:
               total        used        free      shared  buff/cache   available
Mem:            3869         410        3465           3         122        3458
Swap:           1024           0        1024
CPU Load:
 23:47:27 up 10:41,  1 user,  load average: 0.04, 0.02, 0.00
Total Running Processes:
27
Top 5 Memory Consuming Processes:
USER         PID %CPU %MEM    VSZ   RSS TTY      STAT START   TIME COMMAND
root         191  0.0  0.5 107024 22400 ?        Ssl  17:45   0:00 /usr/bin/python3 /usr/share/unattended-upgrades/unattended-upgrade-shutdown --wait-for-signal
root           1  0.0  0.3  21968 12928 ?        Ss   17:45   0:06 /usr/lib/systemd/systemd --system --deserialize=52
root        3668  0.3  0.3 1830096 12928 ?       Ssl  23:46   0:00 /usr/libexec/wsl-pro-service
systemd+    3235  0.0  0.3  21460 12800 ?        Ss   20:19   0:00 /usr/lib/systemd/systemd-resolved
root        3241  0.0  0.2  33928 11776 ?        S<s  20:19   0:04 /usr/lib/systemd/systemd-journald
