===== SYSTEM REPORT =====
Disk Usage:
Filesystem      Size  Used Avail Use% Mounted on
none            3.8G     0  3.8G   0% /usr/lib/modules/6.6.87.2-microsoft-standard-WSL2
none            3.8G  4.0K  3.8G   1% /mnt/wsl
drivers         476G  346G  130G  73% /usr/lib/wsl/drivers
/dev/sdd       1007G  2.1G  954G   1% /
none            3.8G   92K  3.8G   1% /mnt/wslg
none            3.8G     0  3.8G   0% /usr/lib/wsl/lib
rootfs          3.8G  2.7M  3.7G   1% /init
none            3.8G  528K  3.8G   1% /run
none            3.8G     0  3.8G   0% /run/lock
none            3.8G     0  3.8G   0% /run/shm
none            3.8G  100K  3.8G   1% /mnt/wslg/versions.txt
none            3.8G  100K  3.8G   1% /mnt/wslg/doc
C:\             476G  346G  130G  73% /mnt/c
tmpfs           760M   20K  760M   1% /run/user/1000
Memory Usage:
               total        used        free      shared  buff/cache   available
Mem:            7591         530        7004           3         205        7060
Swap:           2048           0        2048
CPU Load:
 22:40:39 up  3:35,  1 user,  load average: 0.00, 0.00, 0.00
Total running processes: 47
Top 5 memory-consuming processes:
USER         PID %CPU %MEM    VSZ   RSS TTY      STAT START   TIME COMMAND
root         242  0.0  0.2 107008 22528 ?        Ssl  19:05   0:00 /usr/bin/python3 /usr/share/unattended-upgrades/unattended-upgrade-shutdown --wait-for-signal
root          45  0.0  0.2  50360 15616 ?        S<s  19:05   0:00 /usr/lib/systemd/systemd-journald
systemd+     116  0.0  0.1  21460 12672 ?        Ss   19:05   0:00 /usr/lib/systemd/systemd-resolved
root           1  0.0  0.1  21676 12008 ?        Ss   19:05   0:02 /sbin/init
tumzy10      402  0.0  0.1  20308 11264 ?        Ss   19:05   0:00 /usr/lib/systemd/systemd --user
