=== System Check Report ===
Disk Usage:
Filesystem      Size  Used Avail Use% Mounted on
none            3.9G     0  3.9G   0% /usr/lib/modules/6.6.87.2-microsoft-standard-WSL2
none            3.9G  4.0K  3.9G   1% /mnt/wsl
drivers         447G  440G  7.0G  99% /usr/lib/wsl/drivers
/dev/sdd       1007G  1.7G  954G   1% /
none            3.9G   76K  3.9G   1% /mnt/wslg
none            3.9G     0  3.9G   0% /usr/lib/wsl/lib
rootfs          3.9G  2.7M  3.9G   1% /init
none            3.9G  488K  3.9G   1% /run
none            3.9G     0  3.9G   0% /run/lock
none            3.9G     0  3.9G   0% /run/shm
none            3.9G   76K  3.9G   1% /mnt/wslg/versions.txt
none            3.9G   76K  3.9G   1% /mnt/wslg/doc
C:\             447G  440G  7.0G  99% /mnt/c
tmpfs           789M   20K  789M   1% /run/user/1000

Memory Usage:
               total        used        free      shared  buff/cache   available
Mem:            7883         456        7431           3         148        7426
Swap:           2048           0        2048

CPU Load:
 16:31:19 up  2:16,  1 user,  load average: 0.00, 0.00, 0.00

Total running processes: 30
Top 5 Memory-Consuming Processes:
USER         PID %CPU %MEM    VSZ   RSS TTY      STAT START   TIME COMMAND
root         239  0.0  0.2 107024 22264 ?        Ssl  14:14   0:00 /usr/bin/python3 /usr/share/unattended-upgrades/unattended-upgrade-shutdown --wait-for-signal
root          48  0.0  0.1  50456 16000 ?        S<s  14:14   0:00 /usr/lib/systemd/systemd-journald
salimma+    1667  0.0  0.1  22756 13440 pts/0    Tl   15:50   0:00 vi user_info.sh
systemd+     110  0.0  0.1  21460 12544 ?        Ss   14:14   0:00 /usr/lib/systemd/systemd-resolved
root           1  0.0  0.1  21876 12384 ?        Ss   14:14   0:02 /sbin/init
