--- System Check Report (2026-03-30) ---
Checking Disk Usage...
/dev/sda1        45G  4.1G   41G   9% /
/dev/sda15      105M  6.1M   99M   6% /boot/efi

Checking Memory Usage...
               total        used        free      shared  buff/cache   available
Mem:             956         213          67           1         675         593
Swap:              0           0           0

Checking CPU Load...
 01:00:31 up  1:05,  3 users,  load average: 0.00, 0.00, 0.00

Total Running Processes: 123

Top 5 Memory-Consuming Processes:
USER         PID %CPU %MEM    VSZ   RSS TTY      STAT START   TIME COMMAND
root         363  0.0  5.2 121556 51200 ?        S<s  Mar29   0:00 /lib/systemd/systemd-journald
root         708  0.1  3.6 1850012 35376 ?       Ssl  Mar29   0:05 /snap/snapd/current/usr/lib/snapd/snapd
root         396  0.0  2.8 289352 27700 ?        SLsl Mar29   0:00 /sbin/multipathd -d -s
snap_da+    1074  0.0  2.5 1246900 25252 ?       Sl   Mar29   0:02 /snap/oracle-cloud-agent/current/plugins/oci-wlp/oci-wlp
snap_da+     705  0.1  1.9 1241460 19512 ?       Ssl  Mar29   0:05 /snap/oracle-cloud-agent/113/agent

Disk usage is healthy (9%).
--- System Check Report (2026-03-30) ---
Checking Disk Usage...
/dev/sda1        45G  4.1G   41G   9% /
/dev/sda15      105M  6.1M   99M   6% /boot/efi

Checking Memory Usage...
               total        used        free      shared  buff/cache   available
Mem:             956         212          66           1         677         594
Swap:              0           0           0

Checking CPU Load...
 01:20:20 up  1:25,  3 users,  load average: 0.00, 0.00, 0.00

Total Running Processes: 123

Top 5 Memory-Consuming Processes:
USER         PID %CPU %MEM    VSZ   RSS TTY      STAT START   TIME COMMAND
root         363  0.0  5.3 121556 52388 ?        S<s  Mar29   0:00 /lib/systemd/systemd-journald
root         708  0.1  3.6 1850012 35376 ?       Ssl  Mar29   0:05 /snap/snapd/current/usr/lib/snapd/snapd
root         396  0.0  2.8 289352 27700 ?        SLsl Mar29   0:00 /sbin/multipathd -d -s
snap_da+    1074  0.0  2.5 1246900 25032 ?       Sl   Mar29   0:02 /snap/oracle-cloud-agent/current/plugins/oci-wlp/oci-wlp
snap_da+     705  0.1  1.9 1241460 19512 ?       Ssl  Mar29   0:05 /snap/oracle-cloud-agent/113/agent

Disk usage is healthy (9%).
