===== SYSTEM CHECK REPORT =====
Date: Fri Mar 27 00:58:03 WAT 2026

____ Disk Usage ____
Filesystem      Size  Used Avail Use% Mounted on
none            3.8G     0  3.8G   0% /usr/lib/modules/6.6.87.2-microsoft-standard-WSL2
none            3.8G  4.0K  3.8G   1% /mnt/wsl
drivers         335G  321G   14G  96% /usr/lib/wsl/drivers
/dev/sdd       1007G  1.8G  954G   1% /
none            3.8G  600K  3.8G   1% /mnt/wslg
none            3.8G     0  3.8G   0% /usr/lib/wsl/lib
rootfs          3.8G  2.7M  3.8G   1% /init
none            3.8G  512K  3.8G   1% /run
none            3.8G     0  3.8G   0% /run/lock
none            3.8G     0  3.8G   0% /run/shm
none            3.8G   76K  3.8G   1% /mnt/wslg/versions.txt
none            3.8G   76K  3.8G   1% /mnt/wslg/doc
C:\             335G  321G   14G  96% /mnt/c
tmpfs           764M  4.0K  764M   1% /run/user/1000

____ Memory Usage ____
               total        used        free      shared  buff/cache   available
Mem:            7636         499        7116           3         179        7136
Swap:           2048           0        2048

____ CPU Load ____
 00:58:03 up 19:32,  1 user,  load average: 0.01, 0.01, 0.00

===== SYSTEM CHECK REPORT =====
Date: Fri Mar 27 01:00:51 WAT 2026

---- Disk Usage ----
Filesystem      Size  Used Avail Use% Mounted on
none            3.8G     0  3.8G   0% /usr/lib/modules/6.6.87.2-microsoft-standard-WSL2
none            3.8G  4.0K  3.8G   1% /mnt/wsl
drivers         335G  321G   14G  96% /usr/lib/wsl/drivers
/dev/sdd       1007G  1.8G  954G   1% /
none            3.8G  600K  3.8G   1% /mnt/wslg
none            3.8G     0  3.8G   0% /usr/lib/wsl/lib
rootfs          3.8G  2.7M  3.8G   1% /init
none            3.8G  512K  3.8G   1% /run
none            3.8G     0  3.8G   0% /run/lock
none            3.8G     0  3.8G   0% /run/shm
none            3.8G   76K  3.8G   1% /mnt/wslg/versions.txt
none            3.8G   76K  3.8G   1% /mnt/wslg/doc
C:\             335G  321G   14G  96% /mnt/c
tmpfs           764M  4.0K  764M   1% /run/user/1000

---- Memory Usage ----
               total        used        free      shared  buff/cache   available
Mem:            7636         494        7120           3         180        7141
Swap:           2048           0        2048

---- CPU Load ----
 01:00:51 up 19:35,  1 user,  load average: 0.00, 0.00, 0.00

---- Disk Usage Check ----
WARNING: Disk usage on /usr/lib/wsl/drivers is above 80% (96%)
WARNING: Disk usage on /mnt/c is above 80% (96%)

---- Total Running Processes ----
27

---- Top 5 Memory Consuming Processes ----
USER         PID %CPU %MEM    VSZ   RSS TTY      STAT START   TIME COMMAND
root         218  0.0  0.2 107024 22272 ?        Ssl  Mar26   0:00 /usr/bin/python3 /usr/share/unattended-upgrades/unattended-upgrade-shutdown --wait-for-signal
root          52  0.0  0.2  50440 16768 ?        S<s  Mar26   0:08 /usr/lib/systemd/systemd-journald
root           1  0.0  0.1  22136 12868 ?        Ss   Mar26   0:11 /sbin/init
systemd+     157  0.0  0.1  21460 12544 ?        Ss   Mar26   0:00 /usr/lib/systemd/systemd-resolved
root         187  0.0  0.1  17964  8320 ?        Ss   Mar26   0:01 /usr/lib/systemd/systemd-logind

===== END OF REPORT =====
