System Report - 2026-03-31

Disk Usage:
Filesystem      Size  Used Avail Use% Mounted on
/dev/root        61G  8.9G   53G  15% /
tmpfs           3.9G     0  3.9G   0% /dev/shm
tmpfs           1.6G  1.1M  1.6G   1% /run
tmpfs           5.0M     0  5.0M   0% /run/lock
efivarfs        128K   38K   86K  31% /sys/firmware/efi/efivars
/dev/sda16      881M  116M  704M  15% /boot
/dev/sda15      105M  6.2M   99M   6% /boot/efi
/dev/sdb1        16G   28K   15G   1% /mnt
tmpfs           789M   16K  789M   1% /run/user/1000

Disk Warnings:

Memory Usage:
               total        used        free      shared  buff/cache   available
Mem:            7889         926        3717           4        3564        6962
Swap:              0           0           0

CPU Load:
 09:23:10 up 17 days, 21:23,  4 users,  load average: 0.00, 0.00, 0.00

Total Processes:
148

Top 5 Memory Consuming Processes:
USER         PID %CPU %MEM    VSZ   RSS TTY      STAT START   TIME COMMAND
root      213558  0.2  1.9 1053192 157040 ?      Ssl  Mar28   8:31 /opt/microsoft/mdatp/sbin/wdavdaemon
root      213614  0.2  1.1 938060 94604 ?        Sl   Mar28  10:12 /opt/microsoft/mdatp/sbin/wdavdaemon edr 18 17 --log_level info
root      120866  0.0  1.1 2062192 91152 ?       Ssl  Mar20   1:48 /usr/bin/dockerd -H fd:// --containerd=/run/containerd/containerd.sock
root      172805  0.0  0.9 643988 76112 ?        Ssl  Mar25   0:34 /usr/libexec/fwupd/fwupd
root      168918  0.0  0.7 116036 64548 ?        S<s  Mar25   0:55 /usr/lib/systemd/systemd-journald
