System Report - Sun Mar 29 23:29:51 WAT 2026
Disk Usage:
Filesystem      Size  Used Avail Use% Mounted on
none            1.9G     0  1.9G   0% /usr/lib/modules/6.6.87.2-microsoft-standard-WSL2
none            1.9G  4.0K  1.9G   1% /mnt/wsl
drivers         477G  248G  229G  52% /usr/lib/wsl/drivers
/dev/sdd       1007G  1.6G  955G   1% /
none            1.9G   84K  1.9G   1% /mnt/wslg
none            1.9G     0  1.9G   0% /usr/lib/wsl/lib
rootfs          1.9G  2.7M  1.9G   1% /init
none            1.9G  504K  1.9G   1% /run
none            1.9G     0  1.9G   0% /run/lock
none            1.9G     0  1.9G   0% /run/shm
none            1.9G   76K  1.9G   1% /mnt/wslg/versions.txt
none            1.9G   76K  1.9G   1% /mnt/wslg/doc
C:\             477G  248G  229G  52% /mnt/c
tmpfs           384M  8.0K  384M   1% /run/user/1000
Memory Usage:
               total        used        free      shared  buff/cache   available
Mem:            3836         369        3318           3         148        3330
Swap:           1024           0        1024
CPU Load:
 23:29:51 up  1:36,  1 user,  load average: 0.00, 0.00, 0.00
Total Running Processes:
29
Top 5 Memory Consuming Processes:
USER         PID %CPU %MEM    VSZ   RSS TTY      STAT START   TIME COMMAND
root         238  0.0  0.5 107172 21376 ?        Ssl  21:53   0:00 /usr/bin/python3 /usr/share/unattended-upgrades/unattended-upgrade-shutdown --wait-for-signal
root         202  0.0  0.4  30184 18432 ?        Ss   21:53   0:00 /usr/bin/python3 /usr/bin/networkd-dispatcher --run-startup-triggers
root          72  0.0  0.3  47812 14592 ?        S<s  21:53   0:01 /lib/systemd/systemd-journald
systemd+     183  0.0  0.3  26204 13824 ?        Ss   21:53   0:00 /lib/systemd/systemd-resolved
root         834  0.1  0.3 1830192 12800 ?       Ssl  23:26   0:00 /usr/libexec/wsl-pro-service
