Filesystem      Size  Used Avail Use% Mounted on
none            3.9G  4.0K  3.9G   1% /mnt/wsl
drivers         238G  172G   66G  73% /usr/lib/wsl/drivers
none            3.9G     0  3.9G   0% /usr/lib/modules
none            3.9G     0  3.9G   0% /usr/lib/modules/5.15.153.1-microsoft-standard-WSL2
/dev/sdc       1007G   26G  930G   3% /
none            3.9G   88K  3.9G   1% /mnt/wslg
none            3.9G     0  3.9G   0% /usr/lib/wsl/lib
rootfs          3.9G  2.1M  3.9G   1% /init
none            3.9G  888K  3.9G   1% /run
none            3.9G     0  3.9G   0% /run/lock
none            3.9G     0  3.9G   0% /run/shm
tmpfs           4.0M     0  4.0M   0% /sys/fs/cgroup
none            3.9G   76K  3.9G   1% /mnt/wslg/versions.txt
none            3.9G   76K  3.9G   1% /mnt/wslg/doc
C:\             238G  172G   66G  73% /mnt/c
snapfuse         74M   74M     0 100% /snap/core22/2292
snapfuse         74M   74M     0 100% /snap/core22/2216
snapfuse        128K  128K     0 100% /snap/bare/5
snapfuse         67M   67M     0 100% /snap/core24/1349
snapfuse         67M   67M     0 100% /snap/core24/1499
snapfuse        141M  141M     0 100% /snap/docker/3265
snapfuse        152M  152M     0 100% /snap/docker/3377
snapfuse         92M   92M     0 100% /snap/gtk-common-themes/1535
snapfuse         51M   51M     0 100% /snap/snapd/25577
snapfuse         49M   49M     0 100% /snap/snapd/25935
snapfuse        132M  132M     0 100% /snap/ubuntu-desktop-installer/1276
snapfuse        132M  132M     0 100% /snap/ubuntu-desktop-installer/1286

---- Disk Usage Warnings ----
WARNING: snapfuse is at 100% usage
WARNING: snapfuse is at 100% usage
WARNING: snapfuse is at 100% usage
WARNING: snapfuse is at 100% usage
WARNING: snapfuse is at 100% usage
WARNING: snapfuse is at 100% usage
WARNING: snapfuse is at 100% usage
WARNING: snapfuse is at 100% usage
WARNING: snapfuse is at 100% usage
WARNING: snapfuse is at 100% usage
WARNING: snapfuse is at 100% usage

---- Memory Usage ----
               total        used        free      shared  buff/cache   available
Mem:            7866         612        6945           3         308        7023
Swap:           2048           0        2048

---- CPU Load ----
 00:35:51 up  3:47,  1 user,  load average: 0.02, 0.03, 0.00

---- Process Count ----
Total running processes: 46

---- Top 5 Memory Consuming Processes ----
USER         PID %CPU %MEM    VSZ   RSS TTY      STAT START   TIME COMMAND
root         397  0.1  1.3 2311356 107436 ?      Sl   Mar29   0:21 /snap/ubuntu-desktop-installer/1286/usr/bin/python3.10 -m subiquity.cmd.server --use-os-prober --storage-version=2 --postinst-hooks-dir=/snap/ubuntu-desktop-installer/1286/etc/subiquity/postinst.d
root         260  0.0  1.0 2342892 87752 ?       Ssl  Mar29   0:04 dockerd --group docker --exec-root=/run/snap.docker --data-root=/var/snap/docker/common/var-lib-docker --pidfile=/run/snap.docker/docker.pid --config-file=/var/snap/docker/3377/config/daemon.json
root         587  0.0  0.7 2172720 59776 ?       Ssl  Mar29   0:04 containerd --config /run/snap.docker/containerd/containerd.toml
root         224  0.0  0.5 2219088 47032 ?       Ssl  Mar29   0:02 /snap/snapd/current/usr/lib/snapd/snapd
root         597  0.6  0.4  44596 38132 ?        S    Mar29   1:32 python3 /snap/ubuntu-desktop-installer/1286/usr/bin/cloud-init status --wait
