SYSTEM REPORT - Sat Mar 28 15:52:18 WAT 2026
---------------------------------
Disk Usage:
Filesystem      Size  Used Avail Use% Mounted on
none            3.7G     0  3.7G   0% /usr/lib/modules/6.6.87.2-microsoft-standard-WSL2
none            3.7G  4.0K  3.7G   1% /mnt/wsl
drivers         238G  119G  120G  50% /usr/lib/wsl/drivers
/dev/sdd       1007G  2.8G  953G   1% /
none            3.7G   76K  3.7G   1% /mnt/wslg
none            3.7G     0  3.7G   0% /usr/lib/wsl/lib
rootfs          3.7G  2.7M  3.7G   1% /init
none            3.7G  508K  3.7G   1% /run
none            3.7G     0  3.7G   0% /run/lock
none            3.7G     0  3.7G   0% /run/shm
none            3.7G   92K  3.7G   1% /mnt/wslg/versions.txt
none            3.7G   92K  3.7G   1% /mnt/wslg/doc
C:\             238G  119G  120G  50% /mnt/c
tmpfs           741M   20K  741M   1% /run/user/1000

Disk Warnings:

Memory Usage:
               total        used        free      shared  buff/cache   available
Mem:            7404         536        6781           3         241        6867
Swap:           2048           0        2048

CPU Load:
 15:52:18 up  1:47,  1 user,  load average: 0.04, 0.02, 0.00

Total Running Processes:
27

Top 5 Memory Consuming Processes:
USER         PID %CPU %MEM    VSZ   RSS TTY      STAT START   TIME COMMAND
root         241  0.0  0.2 107024 22400 ?        Ssl  14:05   0:00 /usr/bin/python3 /usr/share/unattended-upgrades/unattended-upgrade-shutdown --wait-for-signal
root        1352  0.0  0.1  66728 15112 ?        S<s  14:07   0:01 /usr/lib/systemd/systemd-journald
root           1  0.1  0.1  22100 12928 ?        Ss   14:05   0:07 /usr/lib/systemd/systemd --system --deserialize=24
systemd+    1513  0.0  0.1  21460 12928 ?        Ss   14:07   0:00 /usr/lib/systemd/systemd-resolved
phil         386  0.0  0.1  20016 10752 ?        Ss   14:05   0:00 /usr/lib/systemd/systemd --user --deserialize=8

