Filesystem      Size  Used Avail Use% Mounted on
none            3.9G     0  3.9G   0% /usr/lib/modules/6.6.87.2-microsoft-standard-WSL2
none            3.9G  4.0K  3.9G   1% /mnt/wsl
drivers         464G   97G  367G  21% /usr/lib/wsl/drivers
/dev/sdd       1007G  3.7G  953G   1% /
none            3.9G  104K  3.9G   1% /mnt/wslg
none            3.9G     0  3.9G   0% /usr/lib/wsl/lib
rootfs          3.9G  2.7M  3.8G   1% /init
none            3.9G  536K  3.9G   1% /run
none            3.9G     0  3.9G   0% /run/lock
none            3.9G     0  3.9G   0% /run/shm
none            3.9G   76K  3.9G   1% /mnt/wslg/versions.txt
none            3.9G   76K  3.9G   1% /mnt/wslg/doc
C:\             464G   97G  367G  21% /mnt/c
D:\             489G  112M  489G   1% /mnt/d
tmpfs           780M   20K  780M   1% /run/user/1000
               total        used        free      shared  buff/cache   available
Mem:            7793         499        7251           3         199        7293
Swap:           2048           0        2048
 15:34:01 up  2:00,  1 user,  load average: 0.04, 0.01, 0.00
